[www.jsw.in/index.html]
[backblue.gif]
[fade.gif]
[index.html]
[www.jsw.in/sites/default/files/assets/80x80.png]
[www.jsw.in/sites/all/themes/jsw_theme/images/apple-touch-icon.png]
[www.jsw.in/sites/default/files/assets/advagg_css/css__CYgxO_EfeaPX8FNpaqsEKmG8bM3Km_Odq1CWfJPYgYI__on3-Wgj1l5X3WVJeLf5_KJwBc0JntI-sTr0OuBZDxNA__aL7SJOh3p8u0XMMwPWBkSAf1vLIUma0yUotwZVUh8NU.css]
[www.jsw.in/sites/default/files/assets/advagg_js/js__zEZAOEfR8KFUV7BlFfwlwXr9gl3r0KK7sP8O1BvkoOo__2zACb-atd8r362wM85A7SKmX4qWJlcynjiInE3PwVZI__aL7SJOh3p8u0XMMwPWBkSAf1vLIUma0yUotwZVUh8NU.js]
[www.jsw.in/sites/default/files/assets/advagg_js/js__mWrjcFLvbuN4BGqSx2TsHZi8ilX680bPnNaC864lC_g__FJztcvgrkDZR6QQ21K-o8L133axY0WzAANvBUAZmGFc__aL7SJOh3p8u0XMMwPWBkSAf1vLIUma0yUotwZVUh8NU.js]
[www.jsw.in/sites/default/files/assets/advagg_js/js__rfKRXLzhzvwi2xyf7rbaTUluvhr6vNTyULAdkCfc_48__sBbPINFd6k9zEAIK0hJHJCy59yGLzOYWombd3KaAuJY__aL7SJOh3p8u0XMMwPWBkSAf1vLIUma0yUotwZVUh8NU.js]
[www.google-analytics.com/analytics.js]
[www.jsw.in/sites/default/files/assets/advagg_js/js__Z_5G3XWLmM0MANMRMsP6zEDvYnFUfyDuiQbjpEiH6pA__0vSysWcAi79W-toD1rz0g9ccmw4apvYIpw1m2455L4A__aL7SJOh3p8u0XMMwPWBkSAf1vLIUma0yUotwZVUh8NU.js]
[www.jsw.in/sites/all/themes/jsw_theme/fonts/fontawesome-webfont3295.woff]
[www.jsw.in/groups.html]
[www.jsw.in/sites/all/themes/jsw_theme/images/logos/jsw.png]
[www.jsw.in/groups/about-groups.html]
[www.jsw.in/groups/overview-energy.html]
[www.jsw.in/groups/overview-infrastructure.html]
[www.jsw.in/groups/jsw-paints.html]
[www.jsw.in/foundation.html]
[www.jsw.in/groups/sustainability-homepage.html]
[www.jsw.in/media/other-companies.html]
[www.jsw.in/people.html]
[www.jsw.in/investors/overview.html]
[www.jsw.in/sites/default/files/assets/img-mega-menu6.jpg]
[www.jsw.in/sites/default/files/assets/Steel_150x150.jpg]
[www.jsw.in/investors/energy.html]
[www.jsw.in/sites/default/files/assets/Energy_new_150x150.jpg]
[www.jsw.in/investors/holdings.html]
[www.jsw.in/groups/contact-us.html]
[www.jsw.in/sites/default/files/assets/cache/images/01-resize-1440x368-a7542dd51f-9a0760224376ddc4.jpg]
[www.jsw.in/sites/default/files/assets/cache/images/1mobile-resize-375x553-a7542dd51f-ed41d1e47d1c9d3c.jpg]
[www.jsw.in/sites/all/themes/jsw_theme/images/banner-arrow.png]
[www.jsw.in/sites/all/themes/jsw_theme/images/banner-arrow-mobile.png]
[www.jsw.in/sites/default/files/assets/cache/images/jswenergyq42022-resize-1440x368-a7542dd51f-b0fb01b6c5b95ba8.jpg]
[www.jsw.in/sites/default/files/assets/cache/images/steelhomepage2020mob1-resize-375x553-a7542dd51f-739c07f27da163a1.jpg]
[www.jsw.in/investors/energy/jsw-energy-declares-q1-fy23-results.html]
[www.jsw.in/sites/default/files/assets/cache/images/jsw-group-q12021-steel-resultshomepage-d-resize-1440x368-2487796a9d-5d39731b08065121.jpg]
[www.jsw.in/sites/default/files/assets/cache/images/jsw-group-q12021-steel-resultshomepage-m-resize-375x553-2487796a9d-3c7c4c3a6d37506d.jpg]
[www.jsw.in/sites/default/files/assets/cache/images/02-resize-1440x368-a7542dd51f-c60c220b2cdd0938.jpg]
[www.jsw.in/sites/default/files/assets/cache/images/2mobile-resize-375x553-a7542dd51f-5f8071949cf13e5f.jpg]
[www.jsw.in/sites/default/files/assets/cache/images/jswbannermobile-resize-1440x368-a7542dd51f-30c76267b2c34e2f.jpg]
[www.jsw.in/sites/default/files/assets/cache/images/paintbannermobile-resize-375x553-a7542dd51f-ed9a86f7025630ec.jpg]
[www.jsw.in/sites/default/files/assets/cache/images/fellowship1-resize-1440x368-54686fd3ac-765cf6b7b2ce09de.jpg]
[www.jsw.in/sites/default/files/assets/cache/images/fellowshipmobile-resize-375x553-54686fd3ac-e3f34a88dbf4499c.jpg]
[www.jsw.in/foundation/jsw-foundation-fellowship.html]
[www.jsw.in/sites/default/files/assets/cache/images/jswsteelmemberworldsteelherobanner1440x368210322d-resize-1440x368-c50cecc033-3b56f126b1e7923c.jpg]
[www.jsw.in/sites/default/files/assets/cache/images/jswsteelmemberworldsteelherobanner375x553210322m-resize-375x553-c50cecc033-6fec21037795a495.jpg]
[www.jsw.in/sites/default/files/assets/cache/images/jswsteelherobannervijaynagarfoundation1440x36907012022revisedd-resize-1440x368-af939ece33-a0a631999a122862.jpg]
[www.jsw.in/sites/default/files/assets/cache/images/jswsteelherobannervijaynagarfoundation375x55307012022t-resize-375x553-af939ece33-5c7c89eea1160921.jpg]
[www.jsw.in/sites/default/files/assets/cache/images/ok123-resize-1440x368-a7542dd51f-5600cb941d7ebbde.jpg]
[www.jsw.in/sites/default/files/assets/cache/images/ev123-resize-375x553-a7542dd51f-23b479f27bc57084.jpg]
[www.jsw.in/groups/jsw-ev-policy-employees.html]
[www.jsw.in/sites/default/files/assets/cache/images/kedarnath1200x658-resize-1200x658-a7542dd51f-7a720cd4f643b11e-resize-1440x368-a7542dd51f-b27efd5d6af2588f.jpg]
[www.jsw.in/sites/default/files/assets/cache/images/kedarnath768x732-resize-375x553-a7542dd51f-36eb39b570505b9d.jpg]
[www.jsw.in/groups/inaugurating-samadhi-museum-adi-shankaracharya-kedarnath.html]
[www.jsw.in/sites/default/files/assets/cache/images/kashmir-resize-1440x368-a7542dd51f-4075bd13514cfd5a.jpg]
[www.jsw.in/sites/default/files/assets/cache/images/jammukashmirplantbanner1-resize-375x553-a7542dd51f-d6538eb5db71ec74.jpg]
[www.jsw.in/sites/default/files/assets/cache/images/sajjanji1-resize-1440x368-a7542dd51f-29ead1c20d838663.jpg]
[www.jsw.in/sites/default/files/assets/cache/images/savinglivesmoreimportanthomepage375x553-resize-375x553-a7542dd51f-4a671e855fc1c745.jpg]
[www.jsw.in/sites/default/files/assets/cache/images/neotrexbanner-resize-1440x469-a7542dd51f-34ce771235950ab2-resize-1440x368-a7542dd51f-b5910b43fdf22d11.jpg]
[www.jsw.in/sites/default/files/assets/cache/images/neotrexbanner-resize-1440x469-a7542dd51f-34ce771235950ab2-resize-375x553-a7542dd51f-4bf5152c1158b7e9.jpg]
[www.jsw.in/sites/default/files/assets/cache/images/bpower2-resize-1440x368-a7542dd51f-3bf0e4087fcabe0d.jpg]
[www.jsw.in/sites/default/files/assets/cache/images/bpower4-resize-375x553-a7542dd51f-2fe8d0ce70d25d8d.jpg]
[www.jsw.in/sites/default/files/assets/cache/images/accil1440x368px-resize-1440x368-a7542dd51f-abac4c2bef8eeeae.jpg]
[www.jsw.in/sites/default/files/assets/cache/images/accil375x553px-resize-375x553-a7542dd51f-ecf4aaada52b9678.jpg]
[www.jsw.in/sites/default/files/assets/cache/images/jswaion1440x368px-resize-1440x368-a7542dd51f-9b2d060351342d40.jpg]
[www.jsw.in/sites/default/files/assets/cache/images/aion1-resize-375x553-a7542dd51f-613a20b8ea1e57a1.jpg]
[www.jsw.in/sites/all/themes/jsw_theme/images/white-arrow-circle.png]
[www.jsw.in/groups/leadership-group-page.html]
[www.jsw.in/sites/all/themes/jsw_theme/images/video-thumb.jpg]
[www.jsw.in/sites/all/themes/jsw_theme/images/play.png]
[www.jsw.in/groups/media-awards.html]
[www.jsw.in/foundation/jsw-transforms-livelihoods-farmers.html]
[www.jsw.in/sites/default/files/assets/cache/images/image534x432-ikea-resize-108x108-a7542dd51f-0bb069f6b9f23180.png]
[www.jsw.in/sites/default/files/assets/cache/images/yamunaexpresswayhero-bannermobile440x57015-resize-108x108-a7542dd51f-8e6c8af8ee9a4fb8.jpg]
[www.jsw.in/groups/yamuna-expressway.html]
[www.jsw.in/sites/default/files/assets/cache/images/mobile440x570projectsfreight-corridor-resize-108x108-a7542dd51f-5a8f335018840ff0.png]
[www.jsw.in/groups/dedicated-freight-corridor-delhi-mumbai.html]
[www.jsw.in/sites/default/files/assets/cache/images/himachalm-resize-108x108-a7542dd51f-db3be44514478ef8.jpg]
[www.jsw.in/groups/himachal-cm-lays-stone-240-mw-kutehr-hydro-electric-project.html]
[www.jsw.in/sites/default/files/assets/cache/images/skillschoolrajasthan02-resize-108x108-a7542dd51f-6ea7f1ea307571c4.jpg]
[www.jsw.in/energy/inauguration-jsw-skill-school-bhadresh.html]
[www.jsw.in/sites/default/files/assets/cache/images/energytiwaredam-breach11-resize-108x108-a7542dd51f-2e1f3d8d83f3afc8.jpg]
[www.jsw.in/foundation/disaster-relief-support.html]
[www.jsw.in/sites/default/files/assets/cache/images/asianchampionship653x358ac-resize-108x108-a7542dd51f-dfe99424fd507148.jpg]
[www.jsw.in/sports/asian-championships.html]
[www.jsw.in/sites/default/files/assets/cache/images/hero-bannerdesktopsalboni-event-web-creatives358201-resize-108x108-a7542dd51f-36093094de9a2414.jpg]
[www.jsw.in/cement/jsw-salboni-plant.5e.delayed]
[www.jsw.in/sites/default/files/assets/cache/images/440x570pxcleanliness-resize-108x108-a7542dd51f-5387b8bfa11208a0.jpg]
[www.jsw.in/cement/cleanliness.60.delayed]
[www.jsw.in/sites/default/files/assets/cache/images/banana-plantation653x358-resize-108x108-a7542dd51f-cce174e2411c6f97.jpg]
[www.jsw.in/foundation/ratnagiris-press-report-agri-initiatives.html]
[www.jsw.in/sites/default/files/assets/cache/images/theproblem02534x432-resize-108x108-a7542dd51f-aad70be774d20149.jpg]
[www.jsw.in/sites/default/files/assets/cache/images/impact358x291hampi-resize-108x108-a7542dd51f-2db3bc817fcf50bd.jpg]
[www.jsw.in/foundation/hampi.html]
[www.jsw.in/sites/default/files/assets/cache/images/kedarnath-resize-108x108-a7542dd51f-2f953d9740a851d7.png]
[www.jsw.in/foundation/reconstruction-and-restoration-kedarnath.html]
[www.jsw.in/sites/default/files/assets/cache/images/440x570pxdaroji-resize-108x108-a7542dd51f-96bae50789d268ec.jpg]
[www.jsw.in/foundation/nature-interpretation-centre.html]
[www.jsw.in/sites/default/files/assets/industry/energy/IR/Financial Performance/Financials/FY_21_22/Q4/JSWEL Press Release - Q4FY22.pdf]
[www.jsw.in/sites/default/files/assets/industry/steel/IR/Share Holder's Information/Stock Exchange Notice Filing/Change in Company's Directorate.pdf]
[www.jsw.in/groups/all-press-releases.html]
[www.jsw.in/groups/jsw-techno-projects.html]
[www.jsw.in/groups/jsw-projects-limited.html]
[www.jsw.in/steel.html]
[www.jsw.in/energy.html]
[www.jsw.in/groups/amba-river-coke-limited.71.delayed]
[www.jsw.in/groups/creixent-special-steels-limited.html]
[www.jsw.in/groups/piombino-steel-limited.html]
[www.jsw.in/sites/default/files/assets/jsw-logo-footer.png]
[www.jsw.in/groups/overview-steel.html]
[www.jsw.in/media/other-companies/in-the-media-news.html]
[www.jsw.in/people/meet-jsw.html]
[www.jsw.in/people/students-graduates.html]
[www.jsw.in/groups/privacy-policy.html]
[www.jsw.in/index.html]
[www.jsw.in/sites/all/themes/jsw_theme/fonts/fontawesome-webfont3295.eot]
[www.jsw.in/sites/all/themes/jsw_theme/fonts/fontawesome-webfontd41d.eot]
[www.jsw.in/sites/all/themes/jsw_theme/fonts/fontawesome-webfont3295.ttf]
[www.jsw.in/sites/all/themes/jsw_theme/styles/fancybox_sprite.png]
[www.jsw.in/sites/all/themes/jsw_theme/styles/fancybox_loading.gif]
[www.jsw.in/sites/all/themes/jsw_theme/styles/blank.86.delayed]
[www.jsw.in/sites/all/themes/jsw_theme/styles/fancybox_overlay.png]
[www.jsw.in/sites/all/themes/jsw_theme/styles/fancybox_sprite@2x.png]
[www.jsw.in/sites/all/themes/jsw_theme/styles/fancybox_loading@2x.gif]
[www.jsw.in/sites/all/themes/jsw_theme/styles/fancybox_buttons.8a.delayed]
[www.jsw.in/sites/all/themes/jsw_theme/styles/owl.video.play.8b.delayed]
[www.jsw.in/sites/all/themes/jsw_theme/fonts/bootstrap/glyphicons-halflings-regular.eot]
[www.jsw.in/sites/all/themes/jsw_theme/fonts/bootstrap/glyphicons-halflings-regulard41d.eot]
[www.jsw.in/sites/all/themes/jsw_theme/fonts/bootstrap/glyphicons-halflings-regular.woff]
[www.jsw.in/sites/all/themes/jsw_theme/fonts/bootstrap/glyphicons-halflings-regular.ttf]
[www.jsw.in/sites/all/themes/jsw_theme/images/down_arwo.png]
[www.jsw.in/sites/all/themes/jsw_theme/images/rit_arow.png]
[www.jsw.in/sites/all/themes/jsw_theme/images/jsw_trns_logo.jpg]
[www.jsw.in/sites/all/themes/jsw_theme/images/radio-button.png]
[www.jsw.in/sites/all/themes/jsw_theme/images/radio-active.png]
[www.jsw.in/sites/all/themes/jsw_theme/images/story-quote.png]
[www.jsw.in/sites/all/themes/jsw_theme/images/story-quote-mobile.png]
[www.jsw.in/sites/all/themes/jsw_theme/images/story-stats-bg.png]
[www.jsw.in/sites/all/themes/jsw_theme/images/story-stats-bg-mobile.jpg]
[www.jsw.in/sites/all/themes/jsw_theme/images/ind-map.png]
[www.jsw.in/sites/all/themes/jsw_theme/images/map-bg.png]
[www.jsw.in/sites/all/themes/jsw_theme/images/professionals-quote.png]
[www.jsw.in/sites/all/themes/jsw_theme/images/professionals-quote-mobile.png]
[www.jsw.in/sites/all/themes/jsw_theme/images/programe-quote-icon.png]
[www.jsw.in/sites/all/themes/jsw_theme/images/work-quote-icon-mobile.png]
[www.jsw.in/sites/all/themes/jsw_theme/images/programs-bg.jpg]
[www.jsw.in/sites/all/themes/jsw_theme/images/gradient.png]
[www.jsw.in/sites/all/themes/jsw_theme/images/grdn-bg-6.png]
[www.jsw.in/sites/all/themes/jsw_theme/images/seprator.png]
[www.jsw.in/sites/all/themes/jsw_theme/images/map-icon.png]
[www.jsw.in/sites/all/themes/jsw_theme/images/map-info.png]
[www.jsw.in/sites/all/themes/jsw_theme/fonts/BreuerText/BreuerText-Light.eot]
[www.jsw.in/sites/all/themes/jsw_theme/fonts/BreuerText/BreuerText-Lightd41d.eot]
[www.jsw.in/sites/all/themes/jsw_theme/fonts/BreuerText/BreuerText-Light.woff]
[www.jsw.in/sites/all/themes/jsw_theme/fonts/BreuerText/BreuerText-Light.ttf]
[www.jsw.in/sites/all/themes/jsw_theme/fonts/BreuerText/BreuerText-Medium.eot]
[www.jsw.in/sites/all/themes/jsw_theme/fonts/BreuerText/BreuerText-Mediumd41d.eot]
[www.jsw.in/sites/all/themes/jsw_theme/fonts/BreuerText/BreuerText-Medium.woff]
[www.jsw.in/sites/all/themes/jsw_theme/fonts/BreuerText/BreuerText-Medium.ttf]
[www.jsw.in/sites/all/themes/jsw_theme/fonts/BreuerText/BreuerText-Bold.eot]
[www.jsw.in/sites/all/themes/jsw_theme/fonts/BreuerText/BreuerText-Boldd41d.eot]
[www.jsw.in/sites/all/themes/jsw_theme/fonts/BreuerText/BreuerText-Bold.woff]
[www.jsw.in/sites/all/themes/jsw_theme/fonts/BreuerText/BreuerText-Bold.ttf]
[www.jsw.in/sites/all/themes/jsw_theme/fonts/BreuerText/BreuerText.eot]
[www.jsw.in/sites/all/themes/jsw_theme/fonts/BreuerText/BreuerTextd41d.eot]
[www.jsw.in/sites/all/themes/jsw_theme/fonts/BreuerText/BreuerText.woff]
[www.jsw.in/sites/all/themes/jsw_theme/fonts/BreuerText/BreuerText.ttf]
[www.jsw.in/sites/all/themes/jsw_theme/images/blueinfobox.jpg]
[www.jsw.in/sites/all/themes/jsw_theme/images/outer-paggination.jpg]
[www.jsw.in/sites/all/themes/jsw_theme/images/nsebg.jpg]
[www.jsw.in/sites/all/themes/jsw_theme/images/pr-arrow.png]
[www.jsw.in/sites/all/themes/jsw_theme/images/get-involved.jpg]
[www.jsw.in/sites/all/themes/jsw_theme/images/dropdown.png]
[www.jsw.in/sites/all/themes/jsw_theme/fonts/Helvetica/Helvetica Neue.be.delayed]
[www.jsw.in/sites/all/themes/jsw_theme/fonts/Helvetica/Helvetica Neue.bfd41d.delayed]
[www.jsw.in/sites/all/themes/jsw_theme/fonts/Helvetica/Helvetica Neue.c0.delayed]
[www.jsw.in/sites/all/themes/jsw_theme/fonts/Helvetica/Helvetica Neue.c1.delayed]
[www.jsw.in/sites/all/themes/jsw_theme/fonts/Helvetica/Helvetica Neue.c2.delayed]
[www.jsw.in/sites/all/themes/jsw_theme/fonts/Helvetica/Helvetica Neue Bold.c3.delayed]
[www.jsw.in/sites/all/themes/jsw_theme/fonts/Helvetica/Helvetica Neue Bold.c4d41d.delayed]
[www.jsw.in/sites/all/themes/jsw_theme/fonts/Helvetica/Helvetica Neue Bold.c5.delayed]
[www.jsw.in/sites/all/themes/jsw_theme/fonts/Helvetica/Helvetica Neue Bold.c6.delayed]
[www.jsw.in/sites/all/themes/jsw_theme/fonts/Helvetica/Helvetica Neue Bold.c7.delayed]
[www.jsw.in/sites/all/themes/jsw_theme/fonts/Helvetica/Helvetica Neue Light.c8.delayed]
[www.jsw.in/sites/all/themes/jsw_theme/fonts/Helvetica/Helvetica Neue Light.c9d41d.delayed]
[www.jsw.in/sites/all/themes/jsw_theme/fonts/Helvetica/Helvetica Neue Light.ca.delayed]
[www.jsw.in/sites/all/themes/jsw_theme/fonts/Helvetica/Helvetica Neue Light.cb.delayed]
[www.jsw.in/sites/all/themes/jsw_theme/fonts/Helvetica/Helvetica Neue Light.cc.delayed]
[www.jsw.in/sites/all/themes/jsw_theme/images/fancybox_sprite@2x.png]
[www.jsw.in/sites/all/themes/jsw_theme/images/steel-video.gif]
[www.jsw.in/sites/all/themes/jsw_theme/images/what-happening.jpg]
[www.jsw.in/sites/all/themes/jsw_theme/images/steel-arrow.png]
[www.jsw.in/sites/all/themes/jsw_theme/images/future-ready.jpg]
[www.jsw.in/sites/all/themes/jsw_theme/images/comma-lft.png]
[www.jsw.in/sites/all/themes/jsw_theme/images/mbg.jpg]
[www.jsw.in/sites/all/themes/jsw_theme/images/our-growing.jpg]
[www.jsw.in/sites/all/themes/jsw_theme/images/download-icon.png]
[www.jsw.in/sites/all/themes/jsw_theme/fonts/Helvetica/Helvetica-Neue.eot]
[www.jsw.in/sites/all/themes/jsw_theme/fonts/Helvetica/Helvetica-Neued41d.eot]
[www.jsw.in/sites/all/themes/jsw_theme/fonts/Helvetica/Helvetica-Neue.woff]
[www.jsw.in/sites/all/themes/jsw_theme/fonts/Helvetica/Helvetica-Neue-Bold.eot]
[www.jsw.in/sites/all/themes/jsw_theme/fonts/Helvetica/Helvetica-Neue-Boldd41d.eot]
[www.jsw.in/sites/all/themes/jsw_theme/fonts/Helvetica/Helvetica-Neue-Bold.woff]
[www.jsw.in/sites/all/themes/jsw_theme/fonts/Helvetica/Helvetica-Neue-Light.eot]
[www.jsw.in/sites/all/themes/jsw_theme/fonts/Helvetica/Helvetica-Neue-Lightd41d.eot]
[www.jsw.in/sites/all/themes/jsw_theme/fonts/Helvetica/Helvetica-Neue-Light.woff]
[www.jsw.in/sites/all/themes/jsw_theme/images/download-grey.png]
[www.jsw.in/sites/all/themes/jsw_theme/images/poster-video-background-tablet.jpg]
[www.jsw.in/sites/all/themes/jsw_theme/images/poster-video-background-mobile.jpg]
[www.jsw.in/sites/all/themes/jsw_theme/images/bg-large-icon.jpg]
[www.jsw.in/sites/all/themes/jsw_theme/images/logo.png]
[www.jsw.in/sites/all/themes/jsw_theme/images/logo@2x.png]
[www.jsw.in/sites/all/themes/jsw_theme/images/quote.png]
[www.jsw.in/sites/all/themes/jsw_theme/images/quote-mobile.png]
[www.jsw.in/sites/all/themes/jsw_theme/images/icon-worldwide.png]
[www.jsw.in/sites/all/themes/jsw_theme/images/icon-champain.png]
[www.jsw.in/sites/all/themes/jsw_theme/images/jsw-holding-bg.jpg]
[www.jsw.in/sites/all/themes/jsw_theme/images/jsw-holding-bg-mobile.jpg]
[www.jsw.in/sites/all/themes/jsw_theme/images/map-tab.png]
[www.jsw.in/sites/default/files/assets/advagg_css/css__CYgxO_EfeaPX8FNpaqsEKmG8bM3Km_Odq1CWfJPYgYI__on3-Wgj1l5X3WVJeLf5_KJwBc0JntI-sTr0OuBZDxNA__aL7SJOh3p8u0XMMwPWBkSAf1vLIUma0yUotwZVUh8NU.css]
[www.jsw.in/sites/all/themes/jsw_theme/fonts/Helvetica/Helvetica-Neue-Light.html]
[www.jsw.in/sites/all/themes/jsw_theme/fonts/Helvetica/Helvetica-Neue-Bold.html]
[www.jsw.in/sites/all/themes/jsw_theme/fonts/Helvetica/Helvetica-Neue.html]
[www.jsw.in/sites/all/themes/jsw_theme/fonts/fontawesome-webfont3295.html]
[www.jsw.in/sites/all/themes/jsw_theme/fonts/BreuerText/BreuerText-Light.html]
[www.jsw.in/sites/all/themes/jsw_theme/fonts/BreuerText/BreuerText.html]
[www.jsw.in/sites/all/themes/jsw_theme/fonts/BreuerText/BreuerText-Medium.html]
[www.jsw.in/sites/all/themes/jsw_theme/fonts/BreuerText/BreuerText-Bold.html]
[www.jsw.in/groups.html]
[www.jsw.in/node/850.html]
[www.jsw.in/sites/default/files/assets/advagg_js/js__S0wHzxJM_5kiBEo8bgrhP6s_zPRsZ5s90_tFd7USsu4__CJ_SEnEZulT8G-dq0OBm20LAt2wI96dprlWvzbE0ukw__aL7SJOh3p8u0XMMwPWBkSAf1vLIUma0yUotwZVUh8NU.js]
[www.jsw.in/sites/default/files/assets/advagg_js/js__nBC3i3ZbzEJlYdTluxuYMQCVjLhoUImnw2z8m2sYnHo__qluFFWW69LyBVQBDuH6DZYg9HAtSG7VZK4ytyowY1VU__aL7SJOh3p8u0XMMwPWBkSAf1vLIUma0yUotwZVUh8NU.js]
[www.jsw.in/sites/default/files/assets/cache/images/aboutushero-bannerdesktop1200x6582apr18-resize-1200x658-a7542dd51f-833c53b53bc412e4.jpg]
[www.jsw.in/sites/default/files/assets/cache/images/aboutushero-bannertablet768x7322apr18-resize-768x732-a7542dd51f-101f4a9b9f8a5184.jpg]
[www.jsw.in/sites/default/files/assets/cache/images/aboutushero-bannermobile440x5702apr18-resize-440x570-a7542dd51f-fa13b505327676dc.jpg]
[www.jsw.in/groups/our-story.html]
[www.jsw.in/groups/our-brand.html]
[www.jsw.in/sites/default/files/assets/cache/images/sajjanji-resize-371x429-a7542dd51f-aa11888851c9be5b.jpg]
[www.jsw.in/sites/default/files/assets/cache/images/sajjanji-resize-245x284-a7542dd51f-470ca3e78e455bb2.jpg]
[www.jsw.in/sites/default/files/assets/cache/images/pj2021-resize-371x429-a7542dd51f-34d1384f3cdd8f18.jpg]
[www.jsw.in/sites/default/files/assets/cache/images/pj2021-resize-245x284-a7542dd51f-cb7db511d5f0a25a.jpg]
[www.jsw.in/sites/default/files/assets/cache/images/person3-resize-371x429-a7542dd51f-c85076a1da4a1ff5.jpg]
[www.jsw.in/sites/default/files/assets/cache/images/person3-resize-245x284-a7542dd51f-7a784e3058abacc7.jpg]
[www.jsw.in/sites/default/files/assets/cache/images/jayantacharya-resize-371x429-a7542dd51f-f33e23e1726a6a09.jpg]
[www.jsw.in/sites/default/files/assets/cache/images/jayantacharya-resize-245x284-a7542dd51f-a79dec69865fc755.jpg]
[www.jsw.in/sites/default/files/assets/cache/images/prashantjain350x210px-resize-371x429-a7542dd51f-aee1f3aa7a9a454f.jpg]
[www.jsw.in/sites/default/files/assets/cache/images/prashantjain350x210px-resize-245x284-a7542dd51f-9280ccb86fc4ece2.jpg]
[www.jsw.in/groups/@prashantcan.106.delayed]
[www.jsw.in/sites/default/files/assets/cache/images/arunmaheshwari350x210px-resize-371x429-a7542dd51f-ed76435403354be0.jpg]
[www.jsw.in/sites/default/files/assets/cache/images/arunmaheshwari350x210px-resize-245x284-a7542dd51f-ea9c4fe77529e4bc.jpg]
[www.jsw.in/sites/default/files/assets/cache/images/tarnisjindal-resize-371x429-a7542dd51f-2dd8ac86e5f8ccb2.jpg]
[www.jsw.in/sites/default/files/assets/cache/images/tarnisjindal-resize-245x284-a7542dd51f-b61f73ea816d029e.jpg]
[www.jsw.in/sites/default/files/assets/cache/images/mrsjindal-resize-371x429-a7542dd51f-697f1d7656df51b8.jpg]
[www.jsw.in/sites/default/files/assets/cache/images/mrsjindal-resize-245x284-a7542dd51f-7a45329fa21cf8f6.jpg]
[www.jsw.in/sites/default/files/assets/cache/images/tanvisjindal-resize-371x429-a7542dd51f-75c6ee2245f53229.jpg]
[www.jsw.in/sites/default/files/assets/cache/images/tanvisjindal-resize-245x284-a7542dd51f-999e6a1bfe39e865.jpg]
[www.jsw.in/sites/default/files/assets/cache/images/vision1200x658-resize-1200x524-a7542dd51f-cb198803115721bc.png]
[www.jsw.in/sites/default/files/assets/cache/images/vision1200x658-resize-198x125-a7542dd51f-c3bd0b4c3e039a8d.png]
[www.jsw.in/sites/default/files/assets/cache/images/vision768x732-resize-640x530-a7542dd51f-26eb8baa7d630448.png]
[www.jsw.in/sites/default/files/assets/cache/images/vision768x732-resize-198x125-a7542dd51f-76baedd9136f4ac9.png]
[www.jsw.in/sites/default/files/assets/cache/images/vision440x570-resize-375x446-a7542dd51f-8c8fd1093a5702d5.png]
[www.jsw.in/sites/default/files/assets/cache/images/vision440x570-resize-198x125-a7542dd51f-dafa897e50ea5381.png]
[www.jsw.in/sites/default/files/assets/cache/images/rev-steel-white-resize-100x100-a7542dd51f-c7337bbbb2c186ed.png]
[www.jsw.in/sites/default/files/assets/cache/images/rev-steel-resize-100x100-a7542dd51f-b25e945c9735d089.png]
[www.jsw.in/sites/default/files/assets/cache/images/steel-resize-357x357-a7542dd51f-43f18af25c727343.png]
[www.jsw.in/sites/default/files/assets/cache/images/rev-energy-white-resize-100x100-a7542dd51f-c7337bbbb2c186ed.png]
[www.jsw.in/sites/default/files/assets/cache/images/rev-energy-resize-100x100-a7542dd51f-b25e945c9735d089.png]
[www.jsw.in/sites/default/files/assets/cache/images/energy-resize-357x357-a7542dd51f-43f18af25c727343.png]
[www.jsw.in/infrastructure.html]
[www.jsw.in/sites/default/files/assets/cache/images/rev-infra-white-resize-100x100-a7542dd51f-c7337bbbb2c186ed.png]
[www.jsw.in/sites/default/files/assets/cache/images/rev-infra-resize-100x100-a7542dd51f-b25e945c9735d089.png]
[www.jsw.in/sites/default/files/assets/cache/images/infrastruc-resize-357x357-a7542dd51f-89a28798d773eef1.png]
[www.jsw.in/cement.11f.delayed]
[www.jsw.in/sites/default/files/assets/cache/images/rev-cement-white-resize-100x100-a7542dd51f-c7337bbbb2c186ed.png]
[www.jsw.in/sites/default/files/assets/cache/images/rev-cement-resize-100x100-a7542dd51f-b25e945c9735d089.png]
[www.jsw.in/sites/default/files/assets/cache/images/cement-resize-357x357-a7542dd51f-43f18af25c727343.png]
[www.jsw.in/ventures.123.delayed]
[www.jsw.in/sites/default/files/assets/cache/images/rev-ventures-white-resize-100x100-a7542dd51f-c7337bbbb2c186ed.png]
[www.jsw.in/sites/default/files/assets/cache/images/rev-ventures-resize-100x100-a7542dd51f-b25e945c9735d089.png]
[www.jsw.in/sites/default/files/assets/cache/images/ventures-resize-357x357-a7542dd51f-64402106fca04d0e.png]
[www.jsw.in/sites/default/files/assets/flag-india.jpg]
[www.jsw.in/sites/default/files/assets/flag-usa.jpg]
[www.jsw.in/sites/default/files/assets/flag-chile.jpg]
[www.jsw.in/sites/default/files/assets/Europe-flag.jpg]
[www.jsw.in/sites/default/files/assets/UAE-flag.jpg]
[www.jsw.in/groups/about-groups.html]
[www.jsw.in/node/52.html]
[www.jsw.in/sites/default/files/assets/cache/images/about-us-new-banner-1200x658-1-resize-1200x658-a7542dd51f-4992e7d44f4d0716.jpg]
[www.jsw.in/sites/default/files/assets/cache/images/about-us-new-banner-768x732-1-resize-768x732-a7542dd51f-64016904ed0ca471.jpg]
[www.jsw.in/sites/default/files/assets/cache/images/about-us-new-banner-440x570-1-resize-440x570-a7542dd51f-0086aa24435f0868.jpg]
[www.jsw.in/sites/all/themes/jsw_theme/images/logos/Energy-At-A-Glance.jpg]
[www.jsw.in/sites/default/files/assets/cache/images/energysize1-resize-500x281-a7542dd51f-2ac40e9d66664a97.jpg]
[www.jsw.in/sites/default/files/assets/cache/images/energysize1-resize-360x203-a7542dd51f-d0eaffff485a9f21.jpg]
[www.jsw.in/sites/default/files/assets/cache/images/energysize1-resize-345x194-a7542dd51f-a4a06674761d3431.jpg]
[www.jsw.in/sites/default/files/assets/cache/images/1665x722xmrprashantjain2-resize-1665x722-a7542dd51f-016a3c7230549468.jpg]
[www.jsw.in/sites/default/files/assets/cache/images/1665x722xmrprashantjain2-resize-768x350-a7542dd51f-f28f934600a2dc07.jpg]
[www.jsw.in/sites/default/files/assets/cache/images/1665x722xmrprashantjain2-resize-375x224-a7542dd51f-ac7ec3370148fa58.jpg]
[www.jsw.in/sites/default/files/assets/cache/images/bg-history-resize-1665x860-a7542dd51f-ff69760f9b626688.jpg]
[www.jsw.in/sites/default/files/assets/cache/images/bg-history-resize-768x732-a7542dd51f-b59acc2a4cb82e25.jpg]
[www.jsw.in/sites/default/files/assets/cache/images/bg-history-resize-440x570-a7542dd51f-dcc76672a8969318.jpg]
[www.jsw.in/sites/default/files/assets/cache/images/person1-resize-371x429-a7542dd51f-c85076a1da4a1ff5.jpg]
[www.jsw.in/sites/default/files/assets/cache/images/person1-resize-245x284-a7542dd51f-7a784e3058abacc7.jpg]
[www.jsw.in/sites/default/files/assets/cache/images/person2-resize-371x429-a7542dd51f-c85076a1da4a1ff5.jpg]
[www.jsw.in/sites/default/files/assets/cache/images/person2-resize-245x284-a7542dd51f-7a784e3058abacc7.jpg]
[www.jsw.in/sites/default/files/assets/cache/images/drnowal-resize-371x429-a7542dd51f-de73cc7d30eb63e3.jpg]
[www.jsw.in/sites/default/files/assets/cache/images/drnowal-resize-245x284-a7542dd51f-7707dda104570474.jpg]
[www.jsw.in/sites/default/files/assets/cache/images/sanjaysagar-resize-371x429-a7542dd51f-f33e23e1726a6a09.jpg]
[www.jsw.in/sites/default/files/assets/cache/images/sanjaysagar-resize-245x284-a7542dd51f-a79dec69865fc755.jpg]
[www.jsw.in/sites/default/files/assets/cache/images/cptsharma-resize-371x429-a7542dd51f-d3c67943dcdc2646.jpg]
[www.jsw.in/sites/default/files/assets/cache/images/cptsharma-resize-245x284-a7542dd51f-968847a9833e9cbb.jpg]
[www.jsw.in/sites/default/files/assets/cache/images/prashantjain-resize-371x429-a7542dd51f-f1e88754f8236d7e.jpg]
[www.jsw.in/sites/default/files/assets/cache/images/prashantjain-resize-245x284-a7542dd51f-c2a479407dd13eb6.jpg]
[www.jsw.in/sites/default/files/assets/cache/images/majumdar-resize-371x429-a7542dd51f-ea40e4882b81f842.jpg]
[www.jsw.in/sites/default/files/assets/cache/images/majumdar-resize-245x284-a7542dd51f-ccf36dc78676c239.jpg]
[www.jsw.in/groups/overview-energy.html]
[www.jsw.in/node/48.html]
[www.jsw.in/sites/default/files/assets/cache/images/1200x658infra-resize-1200x658-a7542dd51f-d44529f0ef02982e.jpg]
[www.jsw.in/sites/default/files/assets/cache/images/768x732infra-resize-768x732-a7542dd51f-2b39a013b0661acf.jpg]
[www.jsw.in/sites/default/files/assets/cache/images/440x570infra-resize-440x570-a7542dd51f-f0d8222a5b4603c9.jpg]
[www.jsw.in/sites/all/themes/jsw_theme/images/logos/Infrastructure-At-A-Glance.jpg]
[www.jsw.in/sites/default/files/assets/cache/images/about-infra-500x281px-resize-500x281-a7542dd51f-e02386b4d10a9fba.jpg]
[www.jsw.in/sites/default/files/assets/cache/images/about-infra-500x281px-resize-360x203-a7542dd51f-ada7d15f40b3a42c.jpg]
[www.jsw.in/sites/default/files/assets/cache/images/about-infra-500x281px-resize-345x194-a7542dd51f-c9c33e403e678363.jpg]
[www.jsw.in/groups/overview-infrastructure.html]
[www.jsw.in/node/996.html]
[www.jsw.in/sites/default/files/assets/cache/images/jsw-paints-banner21200x658-resize-1200x658-a7542dd51f-bd13a0d7fc30e68c.jpg]
[www.jsw.in/sites/default/files/assets/cache/images/jsw-paints-banner2768x732-resize-768x732-a7542dd51f-26f92c8f653ce959.jpg]
[www.jsw.in/sites/default/files/assets/cache/images/jsw-paints-banner2440x570-resize-440x570-a7542dd51f-e0ed68788994aeb0.jpg]
[www.jsw.in/sites/default/files/assets/paints_IMG_0797_1200X658.jpg]
[www.jsw.in/sites/default/files/assets/cache/images/paintsimg0650552x290-resize-552x290-a7542dd51f-f44677cb0d881f7d.jpg]
[www.jsw.in/sites/default/files/assets/cache/images/paintsimg0650552x290-resize-600x300-a7542dd51f-64bd90286455f98f.jpg]
[www.jsw.in/sites/default/files/assets/cache/images/paintsimg0666552x290-resize-552x290-a7542dd51f-d723211d4eaa49ea.jpg]
[www.jsw.in/sites/default/files/assets/cache/images/paintsimg0666552x290-resize-600x300-a7542dd51f-69a5d9f7c8c070c9.jpg]
[www.jsw.in/sites/default/files/assets/cache/images/paintsimg0684552x290-resize-552x290-a7542dd51f-f44677cb0d881f7d.jpg]
[www.jsw.in/sites/default/files/assets/cache/images/paintsimg0684552x290-resize-600x300-a7542dd51f-64bd90286455f98f.jpg]
[www.jsw.in/sites/default/files/assets/cache/images/paintsimg0687552x290-resize-552x290-a7542dd51f-f44677cb0d881f7d.jpg]
[www.jsw.in/sites/default/files/assets/cache/images/paintsimg0687552x290-resize-600x300-a7542dd51f-64bd90286455f98f.jpg]
[www.jsw.in/sites/default/files/assets/cache/images/paintsimg0748552x290-resize-552x290-a7542dd51f-d723211d4eaa49ea.jpg]
[www.jsw.in/sites/default/files/assets/cache/images/paintsimg0748552x290-resize-600x300-a7542dd51f-69a5d9f7c8c070c9.jpg]
[www.jsw.in/groups/jsw-paints.html]
[www.jsw.in/node/974.html]
[www.jsw.in/sites/default/files/assets/advagg_js/js__cqc45FUetjXVrvXd6zAf31IlLot_-Hg_Kk_Oqeh9JQY__MWXr4Ho1NewvCDlvx5xSXnqxISb3QPH14w4dODy_byI__aL7SJOh3p8u0XMMwPWBkSAf1vLIUma0yUotwZVUh8NU.js]
[www.jsw.in/sites/default/files/assets/advagg_js/js__vdrSdaQ-d0O7dR-bCW8Jn41A6KdwrDm4Vz-TCuZTFt0__ej4iklJfVccgHg0YxrICgt6PtlJ8f0ldulhapG-eB-M__aL7SJOh3p8u0XMMwPWBkSAf1vLIUma0yUotwZVUh8NU.js]
[www.jsw.in/sites/all/themes/jsw_theme/images/logos/jsw-foundation.jpg]
[www.jsw.in/foundation/about-jsw-foundation-0.html]
[www.jsw.in/foundation/foundation-program-overview.html]
[www.jsw.in/foundation/foundation-our-reach.html]
[www.jsw.in/foundation/our-publications.html]
[www.jsw.in/foundation/csr-stories.html]
[www.jsw.in/foundation/jsw-foundation-opjc-admission.html]
[www.jsw.in/sites/all/themes/jsw_theme/images/transparent.png]
[www.jsw.in/sites/default/files/assets/Foundation-Homepage-2-main-banner_1440x785_0.jpg]
[www.jsw.in/sites/default/files/assets/cache/images/foundation-homepage-2-initiatives600x240skill-enhancement-resize-568x228-a7542dd51f-65c4d434fc6dae47.jpg]
[www.jsw.in/foundation/program-page-skill-enhancement.html]
[www.jsw.in/sites/default/files/assets/cache/images/foundation-homepage-2-initiatives600x240healthandnutrition-resize-568x228-a7542dd51f-65c4d434fc6dae47.jpg]
[www.jsw.in/foundation/program-page-health-nutrition.html]
[www.jsw.in/sites/default/files/assets/cache/images/foundation-homepage-2-initiatives600x240agriculture-resize-568x228-a7542dd51f-c63cbc36cf9495c7.jpg]
[www.jsw.in/foundation/program-page-agri-initiatives.html]
[www.jsw.in/sites/default/files/assets/cache/images/foundation-homepage-2-initiatives600x240sports-resize-568x228-a7542dd51f-4f17b6227a850f7f.jpg]
[www.jsw.in/foundation/program-page-sports.html]
[www.jsw.in/sites/default/files/assets/cache/images/foundation-homepage-2-initiatives600x240waterandenvironment-resize-568x228-a7542dd51f-4f17b6227a850f7f.jpg]
[www.jsw.in/foundation/program-page-environment-water-sanitation.html]
[www.jsw.in/sites/default/files/assets/cache/images/foundation-homepage-2-initiatives600x240educationandlearning-resize-568x228-a7542dd51f-65c4d434fc6dae47.jpg]
[www.jsw.in/foundation/program-page-education-and-learning.html]
[www.jsw.in/sites/default/files/assets/cache/images/foundation-homepage-2-initiatives600x240art-cultureandheritage-resize-568x228-a7542dd51f-65c4d434fc6dae47.jpg]
[www.jsw.in/foundation/program-page-art-culture-heritage.html]
[www.jsw.in/sites/default/files/assets/cache/images/foundation-homepage-2-initiatives600x240ruralbpo-resize-568x228-a7542dd51f-65c4d434fc6dae47.jpg]
[www.jsw.in/foundation/program-page-rural-bpo.html]
[www.jsw.in/sites/default/files/assets/cache/images/video-thumbnail1200x524-min-resize-1200x524-a7542dd51f-1d1950cfc0608c69.jpg]
[www.jsw.in/sites/default/files/assets/cache/images/video-thumbnail1200x524-min-resize-198x125-a7542dd51f-c83caf4a84fc84af.jpg]
[www.jsw.in/sites/default/files/assets/cache/images/video-thumbnail640x530-min-resize-640x530-a7542dd51f-7d15bb808cb41a79.jpg]
[www.jsw.in/sites/default/files/assets/cache/images/video-thumbnail640x530-min-resize-198x125-a7542dd51f-b74b31ac6169d88d.jpg]
[www.jsw.in/sites/default/files/assets/cache/images/video-thumbnail375x446-min-resize-375x446-a7542dd51f-329ef0b334a18a21.jpg]
[www.jsw.in/sites/default/files/assets/cache/images/video-thumbnail375x446-min-resize-198x125-a7542dd51f-b74b31ac6169d88d.jpg]
[www.jsw.in/sites/default/files/assets/cache/images/kpsangita358x290-resize-57x56-a7542dd51f-b01f6a19ccc25682.jpg]
[www.jsw.in/sites/default/files/assets/cache/images/kpsangita358x290-resize-96x96-a7542dd51f-f525be9209cb80f3.jpg]
[www.jsw.in/sites/default/files/assets/cache/images/kpsangita358x290-resize-64x63-a7542dd51f-f19d3d57addf9cb8.jpg]
[www.jsw.in/sites/default/files/assets/cache/images/jswfoundationfellowship350x210110522-resize-545x328-e43efd101a-3259aef041402379.jpg]
[www.jsw.in/foundation/jsw-social-responsibility-iso-260002010.html]
[www.jsw.in/foundation/jsw-foundation-indias-first-skill.html]
[www.jsw.in/sites/default/files/assets/cache/images/jswfoundationstoriesskilledwomen350x210100522-resize-545x328-6ff98a9358-4a5b226854a69af1.jpg]
[www.jsw.in/groups/jsw-foundation-david-sassoon-library.html]
[www.jsw.in/groups/winner-2019-unesco-asia-pacific-award.html]
[www.jsw.in/sites/default/files/assets/cache/images/synagogue-resize-545x328-a7542dd51f-8f543feea222a41c.jpg]
[www.jsw.in/sites/default/files/assets/cache/images/palgharvideobannerd-resize-1665x722-a7542dd51f-21ca83a6a07dd3a7.jpg]
[www.jsw.in/sites/default/files/assets/cache/images/palgharvideobannerd-resize-768x350-a7542dd51f-5f1552e33cc3e186.jpg]
[www.jsw.in/sites/default/files/assets/cache/images/palgharvideobannerd-resize-375x224-a7542dd51f-4988c1fa06dda290.jpg]
[www.jsw.in/sites/default/files/assets/cache/images/contactusdesktop1665x722-resize-1200x524-a7542dd51f-62a54457d3b8e8e5.jpg]
[www.jsw.in/sites/default/files/assets/cache/images/contactusdesktop1665x722-resize-768x322-a7542dd51f-e1142fcb7c498796.jpg]
[www.jsw.in/sites/default/files/assets/cache/images/contactusmobile375x505-resize-375x505-a7542dd51f-d7afda56a8a92695.jpg]
[www.jsw.in/foundation.html]
[www.jsw.in/groups/contact-us8479.html]
[www.jsw.in/node/1166.html]
[www.jsw.in/sites/default/files/assets/advagg_js/js__7U9FGLmZTpNStTTrMLdeYWuc05L0AyIFO6y7Y9NN6wc__dxvO2KEQFyr1mFXunq61PAPpk3ZuQ1YUFzjCVLi8abo__aL7SJOh3p8u0XMMwPWBkSAf1vLIUma0yUotwZVUh8NU.js]
[www.jsw.in/sustainability/sustainability-about-us-overview.html]
[www.jsw.in/sites/default/files/assets/Sustainabilityaboutus2_option.jpg]
[www.jsw.in/sustainability/team.html]
[www.jsw.in/sites/default/files/assets/newLeadership-150x150.jpg]
[www.jsw.in/sustainability/cso-speak.html]
[www.jsw.in/sites/default/files/assets/AboutCSOmegamenu.jpg]
[www.jsw.in/sustainability/framework-overview.html]
[www.jsw.in/sites/default/files/assets/sustainabilityframeworkmegamenu.jpg]
[www.jsw.in/groups/sustainability-framework-measuring-success.html]
[www.jsw.in/sites/default/files/assets/Sustainabilitymeasuringmegamenu.jpg]
[www.jsw.in/sustainability/group-health-and-safety.html]
[www.jsw.in/groups/sustainability-policies.html]
[www.jsw.in/sites/default/files/assets/Newkey-Product_Hot-Rolled_452x650.jpg]
[www.jsw.in/investors/energy/jsw-energy-sustainability-policies.html]
[www.jsw.in/sites/default/files/assets/Energysustainability1.jpg]
[www.jsw.in/sites/default/files/assets/cement-sustain-menu-150x150.jpg]
[www.jsw.in/infrastructure/jsw-infrastructure-sustainability-policies.html]
[www.jsw.in/sites/default/files/assets/sustainability-policies-150x150.jpg]
[www.jsw.in/sustainability/sustainability-product-sustainability.html]
[www.jsw.in/sites/default/files/assets/Sustainabilityoverviewmegamenu.jpg]
[www.jsw.in/sustainability/sustainable-steel.html]
[www.jsw.in/sites/default/files/assets/Sustainabilityssmegamenu.jpg]
[www.jsw.in/sustainability/innovation-sustainable-construction.html]
[www.jsw.in/sites/default/files/assets/SustainabilitySCmegamenu.jpg]
[www.jsw.in/sustainability/transparency-customers.html]
[www.jsw.in/sites/default/files/assets/SustainabilityTTCmegamenu1.jpg]
[www.jsw.in/groups/sustainability-reports-jsw-steel.html]
[www.jsw.in/groups/sustainability-reports-jsw-energy.html]
[www.jsw.in/groups/sustainability-latest.html]
[www.jsw.in/sites/default/files/assets/cache/images/sustainabilityhomepagebannerd1-resize-1200x658-a7542dd51f-2ba085acd305398f.jpg]
[www.jsw.in/sites/default/files/assets/cache/images/sustainabilityhomepagebannert1-resize-768x732-a7542dd51f-7995b595c023f3b9.jpg]
[www.jsw.in/sites/default/files/assets/cache/images/sustainabilityhomepagebannermcopy-resize-440x570-a7542dd51f-46694b66e5baf314.jpg]
[www.jsw.in/sites/default/files/assets/cache/images/sustainabilityhomepagejindal1665x722px-resize-1665x722-a7542dd51f-8a7bf8df0cc85341.jpg]
[www.jsw.in/sites/default/files/assets/cache/images/sustainabilityhomepagejindal1665x722px-resize-768x350-a7542dd51f-241c81f4b020178e.jpg]
[www.jsw.in/sites/default/files/assets/cache/images/sustainabilityhomepagejindal1665x722px-resize-375x224-a7542dd51f-af38d41eeecec31b.jpg]
[www.jsw.in/sites/default/files/assets/cache/images/productsustainabilitysustainablesteel-resize-358x290-a7542dd51f-444b265cb3e679b4.jpg]
[www.jsw.in/sites/default/files/assets/cache/images/productsustainabilityinnovation-resize-358x290-a7542dd51f-444b265cb3e679b4.jpg]
[www.jsw.in/sites/default/files/assets/cache/images/productsustainabilitytransparency-resize-358x290-a7542dd51f-444b265cb3e679b4.jpg]
[www.jsw.in/groups/oldsustainability-framework-measuring-success-climate-change.html]
[www.jsw.in/groups/sustainability-framework-measuring-success-energy.html]
[www.jsw.in/groups/sustainability-framework-measuring-success-resources.html]
[www.jsw.in/groups/sustainability-framework-measuring-success-water-resource.html]
[www.jsw.in/groups/sustainability-framework-measuring-success-waste.html]
[www.jsw.in/groups/sustainability-framework-measuring-success-waste-water.html]
[www.jsw.in/groups/sustainability-framework-measuring-success-air-emissions.html]
[www.jsw.in/groups/sustainability-framework-measuring-success-biodiversity.html]
[www.jsw.in/groups/sustainability-framework-measuring-success-local-considerations.html]
[www.jsw.in/groups/sustainability-framework-measuring-success-human-rights.html]
[www.jsw.in/groups/sustainability-framework-measuring-success-cultural-heritage.html]
[www.jsw.in/groups/sustainability-framework-measuring-success-business-ethics.html]
[www.jsw.in/groups/sustainability-framework-measuring-success-employee-healthsafety-and-well-being.html]
[www.jsw.in/groups/sustainability-homepage.html]
[www.jsw.in/media/other-companies.html]
[www.jsw.in/people.html]
[www.jsw.in/investors/overview.html]
[www.jsw.in/investors/energy.html]
[www.jsw.in/investors/holdings.html]
[www.jsw.in/groups/contact-us.html]
[www.jsw.in/investors/energy/jsw-energy-declares-q1-fy23-results.html]
[www.jsw.in/foundation/jsw-foundation-fellowship.html]
[www.jsw.in/groups/jsw-ev-policy-employees.html]
[www.jsw.in/groups/inaugurating-samadhi-museum-adi-shankaracharya-kedarnath.html]
[www.jsw.in/groups/leadership-group-page.html]
[www.jsw.in/groups/media-awards.html]
[www.jsw.in/foundation/jsw-transforms-livelihoods-farmers.html]
[www.jsw.in/groups/yamuna-expressway.html]
[www.jsw.in/groups/dedicated-freight-corridor-delhi-mumbai.html]
[www.jsw.in/groups/himachal-cm-lays-stone-240-mw-kutehr-hydro-electric-project.html]
[www.jsw.in/energy/inauguration-jsw-skill-school-bhadresh.html]
[www.jsw.in/foundation/disaster-relief-support.html]
[www.jsw.in/sports/asian-championships.html]
[www.jsw.in/cement/jsw-salboni-plant.html]
[www.jsw.in/cement/cleanliness.html]
[www.jsw.in/foundation/ratnagiris-press-report-agri-initiatives.html]
[www.jsw.in/foundation/hampi.html]
[www.jsw.in/foundation/reconstruction-and-restoration-kedarnath.html]
[www.jsw.in/foundation/nature-interpretation-centre.html]
[www.jsw.in/groups/all-press-releases.html]
[www.jsw.in/groups/jsw-techno-projects.html]
[www.jsw.in/groups/jsw-projects-limited.html]
[www.jsw.in/steel.html]
[www.jsw.in/energy.html]
[www.jsw.in/groups/amba-river-coke-limited.html]
[www.jsw.in/groups/creixent-special-steels-limited.html]
[www.jsw.in/groups/piombino-steel-limited.html]
[www.jsw.in/sites/all/themes/jsw_theme/images/tweet-icon.svg]
[www.jsw.in/sites/all/themes/jsw_theme/images/re-tweet-icon.svg]
[www.jsw.in/sites/all/themes/jsw_theme/images/heart-icon.svg]
[www.jsw.in/groups/about-groups#Global_Footprint.html]
[www.jsw.in/groups/overview-steel.html]
[www.jsw.in/media/other-companies/in-the-media-news.html]
[www.jsw.in/people/meet-jsw.html]
[www.jsw.in/people/students-graduates.html]
[www.jsw.in/groups/privacy-policy.html]
[www.jsw.in/sites/all/themes/jsw_theme/fonts/fontawesome-webfont3295.svg]
[www.jsw.in/sites/all/themes/jsw_theme/styles/blank.html]
[www.jsw.in/sites/all/themes/jsw_theme/styles/fancybox_buttons.html]
[www.jsw.in/sites/all/themes/jsw_theme/styles/owl.video.play.html]
[www.jsw.in/sites/all/themes/jsw_theme/fonts/bootstrap/glyphicons-halflings-regular.html]
[www.jsw.in/sites/all/themes/jsw_theme/fonts/bootstrap/glyphicons-halflings-regular.svg]
[www.jsw.in/sites/all/themes/jsw_theme/images/dropdown-arrow.svg]
[www.jsw.in/sites/all/themes/jsw_theme/fonts/Helvetica/Helvetica Neue.html]
[www.jsw.in/sites/all/themes/jsw_theme/fonts/Helvetica/Helvetica Neued41d.html]
[www.jsw.in/sites/all/themes/jsw_theme/fonts/Helvetica/Helvetica Neue-2.html]
[www.jsw.in/sites/all/themes/jsw_theme/fonts/Helvetica/Helvetica Neue-3.html]
[www.jsw.in/sites/all/themes/jsw_theme/fonts/Helvetica/Helvetica Neue-4.html]
[www.jsw.in/sites/all/themes/jsw_theme/fonts/Helvetica/Helvetica Neue Bold.html]
[www.jsw.in/sites/all/themes/jsw_theme/fonts/Helvetica/Helvetica Neue Boldd41d.html]
[www.jsw.in/sites/all/themes/jsw_theme/fonts/Helvetica/Helvetica Neue Bold-2.html]
[www.jsw.in/sites/all/themes/jsw_theme/fonts/Helvetica/Helvetica Neue Bold-3.html]
[www.jsw.in/sites/all/themes/jsw_theme/fonts/Helvetica/Helvetica Neue Bold-4.html]
[www.jsw.in/sites/all/themes/jsw_theme/fonts/Helvetica/Helvetica Neue Light.html]
[www.jsw.in/sites/all/themes/jsw_theme/fonts/Helvetica/Helvetica Neue Lightd41d.html]
[www.jsw.in/sites/all/themes/jsw_theme/fonts/Helvetica/Helvetica Neue Light-2.html]
[www.jsw.in/sites/all/themes/jsw_theme/fonts/Helvetica/Helvetica Neue Light-3.html]
[www.jsw.in/sites/all/themes/jsw_theme/fonts/Helvetica/Helvetica Neue Light-4.html]
[www.jsw.in/sites/all/themes/jsw_theme/images/steel-arrow-w.html]
[www.jsw.in/sites/all/themes/jsw_theme/fonts/Helvetica/Helvetica-Neue.svg]
[www.jsw.in/sites/all/themes/jsw_theme/fonts/Helvetica/Helvetica-Neue-Bold.svg]
[www.jsw.in/sites/all/themes/jsw_theme/fonts/Helvetica/Helvetica-Neue-Light.svg]
[www.jsw.in/sites/all/themes/jsw_theme/images/what-happening-1.html]
[www.jsw.in/node/850.html]
[www.jsw.in/groups/our-story.html]
[www.jsw.in/groups/our-brand.html]
[www.jsw.in/groups/@prashantcan.html]
[www.jsw.in/infrastructure.html]
[www.jsw.in/cement.html]
[www.jsw.in/ventures.html]
[www.jsw.in/node/52.html]
[www.jsw.in/node/48.html]
[www.jsw.in/node/996.html]
[www.jsw.in/node/974.html]
[www.jsw.in/foundation/about-jsw-foundation-0.html]
[www.jsw.in/foundation/foundation-program-overview.html]
[www.jsw.in/foundation/foundation-our-reach.html]
[www.jsw.in/foundation/our-publications.html]
[www.jsw.in/foundation/csr-stories.html]
[www.jsw.in/foundation/jsw-foundation-opjc-admission.html]
[www.jsw.in/foundation/program-page-skill-enhancement.html]
[www.jsw.in/foundation/program-page-health-nutrition.html]
[www.jsw.in/foundation/program-page-agri-initiatives.html]
[www.jsw.in/foundation/program-page-sports.html]
[www.jsw.in/foundation/program-page-environment-water-sanitation.html]
[www.jsw.in/foundation/program-page-education-and-learning.html]
[www.jsw.in/foundation/program-page-art-culture-heritage.html]
[www.jsw.in/foundation/program-page-rural-bpo.html]
[www.jsw.in/foundation/jsw-social-responsibility-iso-260002010.html]
[www.jsw.in/foundation/jsw-foundation-indias-first-skill.html]
[www.jsw.in/groups/jsw-foundation-david-sassoon-library.html]
[www.jsw.in/groups/winner-2019-unesco-asia-pacific-award.html]
[www.jsw.in/groups/contact-us8479.html]
[www.jsw.in/node/1166.html]
[www.jsw.in/sustainability/sustainability-about-us-overview.html]
[www.jsw.in/sustainability/team.html]
[www.jsw.in/sustainability/cso-speak.html]
[www.jsw.in/sustainability/framework-overview.html]
[www.jsw.in/groups/sustainability-framework-measuring-success.html]
[www.jsw.in/sustainability/group-health-and-safety.html]
[www.jsw.in/groups/sustainability-policies.html]
[www.jsw.in/investors/energy/jsw-energy-sustainability-policies.html]
[www.jsw.in/infrastructure/jsw-infrastructure-sustainability-policies.html]
[www.jsw.in/sustainability/sustainability-product-sustainability.html]
[www.jsw.in/sustainability/sustainable-steel.html]
[www.jsw.in/sustainability/innovation-sustainable-construction.html]
[www.jsw.in/sustainability/transparency-customers.html]
[www.jsw.in/groups/sustainability-reports-jsw-steel.html]
[www.jsw.in/groups/sustainability-reports-jsw-energy.html]
[www.jsw.in/groups/sustainability-latest.html]
[www.jsw.in/groups/oldsustainability-framework-measuring-success-climate-change.html]
[www.jsw.in/groups/sustainability-framework-measuring-success-energy.html]
[www.jsw.in/groups/sustainability-framework-measuring-success-resources.html]
[www.jsw.in/groups/sustainability-framework-measuring-success-water-resource.html]
[www.jsw.in/groups/sustainability-framework-measuring-success-waste.html]
[www.jsw.in/groups/sustainability-framework-measuring-success-waste-water.html]
[www.jsw.in/groups/sustainability-framework-measuring-success-air-emissions.html]
[www.jsw.in/groups/sustainability-framework-measuring-success-biodiversity.html]
[www.jsw.in/groups/sustainability-framework-measuring-success-local-considerations.html]
[www.jsw.in/groups/sustainability-framework-measuring-success-human-rights.html]
[www.jsw.in/groups/sustainability-framework-measuring-success-cultural-heritage.html]
[www.jsw.in/groups/sustainability-framework-measuring-success-business-ethics.html]
[www.jsw.in/groups/sustainability-framework-measuring-success-employee-healthsafety-and-well-being.html]
[www.jsw.in/groups/supply-chain-sustainability.html]
